// Jest Snapshot v1, https://goo.gl/fbAQLP

exports[`Welcome klage Renders correctly when there is no data 1`] = `
<div
  className="sc-AxjAm iJhWxX"
>
  <div
    className="sc-fzokOt sc-fzqBZW ftFonj"
  >
    <section>
      <div>
        <div
          className="sc-AxheI sc-fzoLsD jJmkkk"
        >
          <h1
            className="typo-sidetittel"
          >
            Klage eller anke p책 vedtak
          </h1>
        </div>
        <div
          className="sc-AxheI sc-fzoLsD jJmkkk"
        >
          <div
            className="nav-veilederpanel nav-veilederpanel--kompakt nav-veilederpanel--plakat"
          >
            <div
              className="nav-veileder nav-veileder--flytende"
            >
              <div
                className="nav-veileder__frame nav-veileder__frame--m"
              >
                <img
                  alt="Veileder"
                  src="Veileder.svg"
                />
              </div>
            </div>
            <div
              className="nav-veilederpanel__content"
            >
              <p
                className="typo-normal"
              >
                Hvis NAV har behandlet en sak som gjelder deg og du er uenig i vedtaket, har du flere valgmuligheter for 책 belyse saken bedre og f책 en ny vurdering. Start med 책 velge hvilket tema saken gjelder. Du finner denne informasjonen i vedtaket som du har mottatt fra NAV.
              </p>
            </div>
          </div>
        </div>
        <div
          className="sc-Axmtr sc-fzpans dcVwZu"
        >
          <h2
            className="typo-systemtittel"
          >
            Hvilket tema gjelder det?
          </h2>
        </div>
      </div>
      <div
        className="sc-fzoyAV sc-fznJRM bFbvvw"
      >
        <a
          className="lenkepanel lenkepanel-flex lenkepanel--border"
          href="/arbeid"
          onClick={[Function]}
        >
          <div>
            <h2
              className="typo-undertittel lenkepanel__heading"
            >
              Arbeid
            </h2>
            <p
              className="typo-normal"
            >
              Dagpenger, AAP, egen bedrift
            </p>
          </div>
          <span
            className="lenkepanel__indikator"
          />
        </a>
        <a
          className="lenkepanel lenkepanel-flex lenkepanel--border"
          href="/familie-og-barn"
          onClick={[Function]}
        >
          <div>
            <h2
              className="typo-undertittel lenkepanel__heading"
            >
              Familie og barn
            </h2>
            <p
              className="typo-normal"
            >
              Barnetrygd, foreldrepenger, pleie
            </p>
          </div>
          <span
            className="lenkepanel__indikator"
          />
        </a>
      </div>
    </section>
  </div>
</div>
`;
